> A = matrix(c(2,0,1,3),ncol=2)
> A
     [,1] [,2]
[1,]    2    1
[2,]    0    3
> B = matrix(c(5,2,4,-1), ncol = 2)
> B
     [,1] [,2]
[1,]    5    4
[2,]    2   -1
> sum (A+B)
[1] 16
> sum (A-B)
[1] -4
> diag(4,1,2,3)
     [,1] [,2]
[1,]    4    0
> D <- c(4,1,2,3)
> diag(D)
     [,1] [,2] [,3] [,4]
[1,]    4    0    0    0
[2,]    0    1    0    0
[3,]    0    0    2    0
[4,]    0    0    0    3
> M = diag(c(3),nrow = 5, ncol = 5)
> sweep(M,1,c(1,0,0,0,0),"+")
     [,1] [,2] [,3] [,4] [,5]
[1,]    4    1    1    1    1
[2,]    0    3    0    0    0
[3,]    0    0    3    0    0
[4,]    0    0    0    3    0
[5,]    0    0    0    0    3
> sweep(M,2,c(2,0,0,0,0)"+")
Error: unexpected string constant in "sweep(M,2,c(2,0,0,0,0)"+""
> sweep(M,2,c(2,0,0,0,0),"+")
     [,1] [,2] [,3] [,4] [,5]
[1,]    5    0    0    0    0
[2,]    2    3    0    0    0
[3,]    2    0    3    0    0
[4,]    2    0    0    3    0
[5,]    2    0    0    0    3
> N = sweep(M,1,c(1,0,0,0,0),"+")
> B = sweep(N,2,c(2,0,0,0,0),"+")
> B
     [,1] [,2] [,3] [,4] [,5]
[1,]    6    1    1    1    1
[2,]    2    3    0    0    0
[3,]    2    0    3    0    0
[4,]    2    0    0    3    0
[5,]    2    0    0    0    3
> B[1,1] <- 3
> B
     [,1] [,2] [,3] [,4] [,5]
[1,]    3    1    1    1    1
[2,]    2    3    0    0    0
[3,]    2    0    3    0    0
[4,]    2    0    0    3    0
[5,]    2    0    0    0    3
> 
































































